[www.easyleadz.com/lists/List-of-Farming-Companies-in-Bengaluru.html]
[backblue.gif]
[fade.gif]
[index.html]
[easyleadz2.b-cdn.net/images/free_list7839.png]
[easyleadz2.b-cdn.net/css/assets/css/cstl.css]
[easyleadz2.b-cdn.net/css/assets/css/autoptimize_f9019ad777c5a3c046f08181ca2afb4f.css]
[script.crazyegg.com/pages/scripts/0066/6651.js]
[easyleadz2.b-cdn.net/css/assets/css/autoptimize_ac3bbc4e21c4c5c1b075a8a8e8069877.css]
[www.easyleadz.com/wp-content/uploads/2019/01/easyleadz-logo-e1547449198657.png]
[www.easyleadz.com/lists/Top-100-Manufacturing-companies-in-India.html]
[www.easyleadz.com/lists/Top-Information-Technology-companies-list-India.html]
[www.easyleadz.com/lists/Top-Consumer-Goods---FMCG-Companies-in-India.html]
[www.easyleadz.com/lists/List-of-Ecommerce-companies-worldwide.html]
[www.easyleadz.com/lists/List-of-SAAS-companies.html]
[www.easyleadz.com/lists/List-of-manufacturing-companies-in-India.html]
[www.easyleadz.com/lists/Top-companies-in-Chennai.html]
[www.easyleadz.com/lists/List-of-Internet-Companies-in-India.html]
[www.easyleadz.com/lists/E-commerce-Companies-in-Mumbai.html]
[www.easyleadz.com/lists/Fleet-management-companies-in-the-USA.html]
[www.easyleadz.com/lists/List-of-Wireless-Companies-in-Bengaluru.html]
[www.easyleadz.com/lists/List-of-Wine-and-Alcohol-Companies-in-Bengaluru.html]
[www.easyleadz.com/lists/List-of-Wholesale-Companies-in-Bengaluru.html]
[www.easyleadz.com/lists/List-of-Warehousing-Companies-in-Bengaluru.html]
[www.easyleadz.com/lists/List-of-Transportation-Companies-in-Bengaluru.html]
[www.easyleadz.com/lists/List-of-Translation-Companies-in-Bengaluru.html]
[www.easyleadz.com/lists/List-of-Training-Companies-in-Bengaluru.html]
[www.easyleadz.com/lists/List-of-Textile-and-Garment-Companies-in-Bengaluru.html]
[www.easyleadz.com/lists/List-of-Telecom-Companies-in-Bengaluru.html]
[www.easyleadz.com/lists/List-of-Technology-Companies-in-Bengaluru.html]
[www.easyleadz.com/lists/List-of-Farming-Companies.html]
[www.easyleadz.com/lists/List-of-Farming-Companies-in-USA.html]
[www.easyleadz.com/lists/List-of-Farming-Companies-in-India.html]
[www.easyleadz.com/lists/List-of-Farming-Companies-in-New-York.html]
[www.easyleadz.com/lists/List-of-Farming-Companies-in-New-Delhi.html]
[www.easyleadz.com/lists/List-of-Farming-Companies-in-Pune.html]
[www.easyleadz.com/lists/List-of-Farming-Companies-in-Hyderabad.html]
[www.easyleadz.com/lists/List-of-Farming-Companies-in-Chennai.html]
[www.easyleadz.com/lists/List-of-Farming-Companies-in-Mumbai.html]
[www.easyleadz.com/assets/vendor/modernizr/modernizr.js]
[www.google-analytics.com/analytics.js]
[www.easyleadz.com/lists/List-of-Farming-Companies-in-Bengaluru.html]
[easyleadz2.b-cdn.net/css/assets/images/bg.26.delayed]
[easyleadz2.b-cdn.net/css/assets/images/bg_2.png]
[easyleadz2.b-cdn.net/css/assets/images/bg_3.png]
[easyleadz2.b-cdn.net/css/assets/images/bg_4.png]
[easyleadz2.b-cdn.net/css/assets/images/bg_5.png]
[easyleadz2.b-cdn.net/css/assets/images/note_dot.png]
[easyleadz2.b-cdn.net/css/assets/images/line.png]
[easyleadz2.b-cdn.net/css/assets/images/line_detail.png]
[easyleadz2.b-cdn.net/css/assets/css/cstl.css]
[easyleadz2.b-cdn.net/css/assets/css/autoptimize_f9019ad777c5a3c046f08181ca2afb4f.html]
[www.easyleadz.com/wp-content/themes/thesaasx/assets/img/app/photoswipe/default-skin.png]
[easyleadz2.b-cdn.net/css/assets/css/autoptimize_ac3bbc4e21c4c5c1b075a8a8e8069877.css]
[www.easyleadz.com/lists/List-of-companies-in-Mumbai.html]
[www.easyleadz.com/lists/Fintech-companies-in-India.html]
[www.easyleadz.com/lists/List-of-Wireless-Companies-in-India.html]
[www.easyleadz.com/lists/List-of-Wine-and-Alcohol-Companies-in-India.html]
[www.easyleadz.com/lists/List-of-Wholesale-Companies-in-India.html]
[www.easyleadz.com/lists/List-of-Warehousing-Companies-in-India.html]
[www.easyleadz.com/lists/Top-100-Manufacturing-companies-in-India.html]
[www.easyleadz.com/lists/List-of-Transportation-Companies-in-India.html]
[www.easyleadz.com/lists/List-of-Information-Technology-Companies-in-India.html]
[www.easyleadz.com/lists/List-of-Information-Technology-Companies-in-USA.html]
[www.easyleadz.com/lists/List-of-Information-Technology-Companies.html]
[www.easyleadz.com/lists/List-of-Information-Technology-Companies-in-Detroit.html]
[www.easyleadz.com/lists/List-of-Information-Technology-Companies-in-Atlanta.html]
[www.easyleadz.com/lists/List-of-Information-Technology-Companies-in-Houston.html]
[www.easyleadz.com/lists/List-of-Information-Technology-Companies-in-San-Jose.html]
[www.easyleadz.com/lists/List-of-Information-Technology-Companies-in-Dallas.html]
[www.easyleadz.com/lists/List-of-Information-Technology-Companies-in-Las-Vegas.html]
[www.easyleadz.com/lists/Top-Information-Technology-companies-list-India.html]
[www.easyleadz.com/lists/List-of-Information-Technology-Companies-in-Miami.html]
[www.easyleadz.com/lists/Top-Consumer-Goods---FMCG-Companies-in-India.html]
[www.easyleadz.com/lists/List-of-Ecommerce-companies-worldwide.html]
[www.easyleadz.com/lists/List-of-SAAS-companies.html]
[www.easyleadz.com/lists/List-of-manufacturing-companies-in-India.html]
[www.easyleadz.com/lists/List-of-Transportation-Companies-in-Chennai.html]
[www.easyleadz.com/lists/List-of-Training-Companies-in-Chennai.html]
[www.easyleadz.com/lists/List-of-Textile-and-Garment-Companies-in-Chennai.html]
[www.easyleadz.com/lists/List-of-Telecom-Companies-in-Chennai.html]
[www.easyleadz.com/lists/List-of-Technology-Companies-in-Chennai.html]
[www.easyleadz.com/lists/List-of-Staffing-Companies-in-Chennai.html]
[www.easyleadz.com/lists/List-of-Sports-Companies-in-Chennai.html]
[www.easyleadz.com/lists/List-of-Security-Companies-in-Chennai.html]
[www.easyleadz.com/lists/List-of-Retail-in-Chennai.html]
[www.easyleadz.com/lists/Top-companies-in-Chennai.html]
[www.easyleadz.com/lists/List-of-Restaurants-in-Chennai.html]
[www.easyleadz.com/lists/List-of-Technology-Companies.html]
[www.easyleadz.com/lists/List-of-Technology-Companies-in-USA.html]
[www.easyleadz.com/lists/List-of-Technology-Companies-in-India.html]
[www.easyleadz.com/lists/List-of-Technology-Companies-in-Detroit.html]
[www.easyleadz.com/lists/List-of-Technology-Companies-in-Atlanta.html]
[www.easyleadz.com/lists/List-of-Technology-Companies-in-Houston.html]
[www.easyleadz.com/lists/List-of-Technology-Companies-in-San-Jose.html]
[www.easyleadz.com/lists/List-of-Technology-Companies-in-Dallas.html]
[www.easyleadz.com/lists/List-of-Technology-Companies-in-Las-Vegas.html]
[www.easyleadz.com/lists/List-of-Internet-Companies-in-India.html]
[www.easyleadz.com/lists/E-commerce-Companies-in-Mumbai.html]
[www.easyleadz.com/lists/List-of-Technology-Companies-in-Miami.html]
[www.easyleadz.com/lists/List-of-Wireless-Companies-in-USA.html]
[www.easyleadz.com/lists/List-of-Wine-and-Alcohol-Companies-in-USA.html]
[www.easyleadz.com/lists/List-of-Wholesale-Companies-in-USA.html]
[www.easyleadz.com/lists/List-of-Warehousing-Companies-in-USA.html]
[www.easyleadz.com/lists/List-of-Transportation-Companies-in-USA.html]
[www.easyleadz.com/lists/List-of-Translation-Companies-in-USA.html]
[www.easyleadz.com/lists/List-of-Training-Companies-in-USA.html]
[www.easyleadz.com/lists/List-of-Tobacco-Companies-in-USA.html]
[www.easyleadz.com/lists/List-of-Textile-and-Garment-Companies-in-USA.html]
[www.easyleadz.com/lists/Fleet-management-companies-in-the-USA.html]
[www.easyleadz.com/lists/List-of-Telecom-Companies-in-USA.html]
[www.easyleadz.com/lists/List-of-Supermarkets-in-Bengaluru.html]
[www.easyleadz.com/lists/List-of-Wireless-Companies.html]
[www.easyleadz.com/lists/List-of-Wireless-Companies-in-San-Jose.html]
[www.easyleadz.com/lists/List-of-Wireless-Companies-in-San-Diego.html]
[www.easyleadz.com/lists/List-of-Wireless-Companies-in-Washington.html]
[www.easyleadz.com/lists/List-of-Wireless-Companies-in-Bengaluru.html]
[www.easyleadz.com/lists/List-of-Wireless-Companies-in-New-York.html]
[www.easyleadz.com/lists/List-of-Wine-and-Alcohol-Companies.html]
[www.easyleadz.com/lists/List-of-Wine-and-Alcohol-Companies-in-Washington.html]
[www.easyleadz.com/lists/List-of-Wine-and-Alcohol-Companies-in-New-York.html]
[www.easyleadz.com/lists/List-of-Wine-and-Alcohol-Companies-in-New-Delhi.html]
[www.easyleadz.com/lists/List-of-Wine-and-Alcohol-Companies-in-Bengaluru.html]
[www.easyleadz.com/lists/List-of-Wine-and-Alcohol-Companies-in-Mumbai.html]
[www.easyleadz.com/lists/List-of-Wholesale-Companies.html]
[www.easyleadz.com/lists/List-of-Wholesale-Companies-in-Houston.html]
[www.easyleadz.com/lists/List-of-Wholesale-Companies-in-Dallas.html]
[www.easyleadz.com/lists/List-of-Wholesale-Companies-in-Miami.html]
[www.easyleadz.com/lists/List-of-Wholesale-Companies-in-Los-Angeles.html]
[www.easyleadz.com/lists/List-of-Wholesale-Companies-in-Washington.html]
[www.easyleadz.com/lists/List-of-Wholesale-Companies-in-New-York.html]
[www.easyleadz.com/lists/List-of-Wholesale-Companies-in-Bengaluru.html]
[www.easyleadz.com/lists/List-of-Wholesale-Companies-in-New-Delhi.html]
[www.easyleadz.com/lists/List-of-Warehousing-Companies.html]
[www.easyleadz.com/lists/List-of-Warehousing-Companies-in-New-Delhi.html]
[www.easyleadz.com/lists/List-of-Warehousing-Companies-in-Bengaluru.html]
[www.easyleadz.com/lists/List-of-Warehousing-Companies-in-Mumbai.html]
[www.easyleadz.com/lists/List-of-Transportation-Companies.html]
[www.easyleadz.com/lists/List-of-Transportation-Companies-in-Atlanta.html]
[www.easyleadz.com/lists/List-of-Transportation-Companies-in-Houston.html]
[www.easyleadz.com/lists/List-of-Transportation-Companies-in-Dallas.html]
[www.easyleadz.com/lists/List-of-Transportation-Companies-in-Las-Vegas.html]
[www.easyleadz.com/lists/List-of-Transportation-Companies-in-Denver.html]
[www.easyleadz.com/lists/List-of-Transportation-Companies-in-Chicago.html]
[www.easyleadz.com/lists/List-of-Transportation-Companies-in-Los-Angeles.html]
[www.easyleadz.com/lists/List-of-Transportation-Companies-in-Bengaluru.html]
[www.easyleadz.com/lists/List-of-Translation-Companies.html]
[www.easyleadz.com/lists/List-of-Translation-Companies-in-Bengaluru.html]
[www.easyleadz.com/lists/List-of-Translation-Companies-in-India.html]
[www.easyleadz.com/lists/List-of-Training-Companies.html]
[www.easyleadz.com/lists/List-of-Training-Companies-in-India.html]
[www.easyleadz.com/lists/List-of-Training-Companies-in-New-York.html]
[www.easyleadz.com/lists/List-of-Training-Companies-in-New-Delhi.html]
[www.easyleadz.com/lists/List-of-Training-Companies-in-Pune.html]
[www.easyleadz.com/lists/List-of-Training-Companies-in-Hyderabad.html]
[www.easyleadz.com/lists/List-of-Training-Companies-in-Bengaluru.html]
[www.easyleadz.com/lists/List-of-Training-Companies-in-Mumbai.html]
[www.easyleadz.com/lists/List-of-Textile-and-Garment-Companies.html]
[www.easyleadz.com/lists/List-of-Textile-and-Garment-Companies-in-Atlanta.html]
[www.easyleadz.com/lists/List-of-Textile-and-Garment-Companies-in-Houston.html]
[www.easyleadz.com/lists/List-of-Textile-and-Garment-Companies-in-San-Jose.html]
[www.easyleadz.com/lists/List-of-Textile-and-Garment-Companies-in-Las-Vegas.html]
[www.easyleadz.com/lists/List-of-Textile-and-Garment-Companies-in-Miami.html]
[www.easyleadz.com/lists/List-of-Textile-and-Garment-Companies-in-San-Diego.html]
[www.easyleadz.com/lists/List-of-Textile-and-Garment-Companies-in-Denver.html]
[www.easyleadz.com/lists/List-of-Textile-and-Garment-Companies-in-Bengaluru.html]
[www.easyleadz.com/lists/List-of-Textile-and-Garment-Companies-in-Austin.html]
[www.easyleadz.com/lists/List-of-Telecom-Companies-in-Bengaluru.html]
[www.easyleadz.com/lists/List-of-Technology-Companies-in-Bengaluru.html]
[www.easyleadz.com/lists/List-of-Farming-Companies.html]
[www.easyleadz.com/lists/List-of-Farming-Companies-in-USA.html]
[www.easyleadz.com/lists/List-of-Farming-Companies-in-India.html]
[www.easyleadz.com/lists/List-of-Transportation-Companies-in-New-York.html]
[www.easyleadz.com/lists/List-of-Textile-and-Garment-Companies-in-New-York.html]
[www.easyleadz.com/lists/List-of-Telecom-Companies-in-New-York.html]
[www.easyleadz.com/lists/List-of-Technology-Companies-in-New-York.html]
[www.easyleadz.com/lists/List-of-Supermarkets-in-New-York.html]
[www.easyleadz.com/lists/List-of-Farming-Companies-in-New-York.html]
[www.easyleadz.com/lists/List-of-Staffing-Companies-in-New-York.html]
[www.easyleadz.com/lists/List-of-Transportation-Companies-in-New-Delhi.html]
[www.easyleadz.com/lists/List-of-Textile-and-Garment-Companies-in-New-Delhi.html]
[www.easyleadz.com/lists/List-of-Telecom-Companies-in-New-Delhi.html]
[www.easyleadz.com/lists/List-of-Technology-Companies-in-New-Delhi.html]
[www.easyleadz.com/lists/List-of-Supermarkets-in-New-Delhi.html]
[www.easyleadz.com/lists/List-of-Farming-Companies-in-New-Delhi.html]
[www.easyleadz.com/lists/List-of-Staffing-Companies-in-New-Delhi.html]
[www.easyleadz.com/lists/List-of-Transportation-Companies-in-Pune.html]
[www.easyleadz.com/lists/List-of-Textile-and-Garment-Companies-in-Pune.html]
[www.easyleadz.com/lists/List-of-Telecom-Companies-in-Pune.html]
[www.easyleadz.com/lists/List-of-Technology-Companies-in-Pune.html]
[www.easyleadz.com/lists/List-of-Staffing-Companies-in-Pune.html]
[www.easyleadz.com/lists/List-of-Sports-Companies-in-Pune.html]
[www.easyleadz.com/lists/List-of-Sporting-Goods-Companies-in-Pune.html]
[www.easyleadz.com/lists/List-of-Semiconductor-Companies-in-Pune.html]
[www.easyleadz.com/lists/List-of-Farming-Companies-in-Pune.html]
[www.easyleadz.com/lists/List-of-Security-Companies-in-Pune.html]
[www.easyleadz.com/lists/List-of-Transportation-Companies-in-Hyderabad.html]
[www.easyleadz.com/lists/List-of-Textile-and-Garment-Companies-in-Hyderabad.html]
[www.easyleadz.com/lists/List-of-Telecom-Companies-in-Hyderabad.html]
[www.easyleadz.com/lists/List-of-Technology-Companies-in-Hyderabad.html]
[www.easyleadz.com/lists/List-of-Staffing-Companies-in-Hyderabad.html]
[www.easyleadz.com/lists/List-of-Sports-Companies-in-Hyderabad.html]
[www.easyleadz.com/lists/List-of-Semiconductor-Companies-in-Hyderabad.html]
[www.easyleadz.com/lists/List-of-Retail-in-Hyderabad.html]
[www.easyleadz.com/lists/List-of-Farming-Companies-in-Hyderabad.html]
[www.easyleadz.com/lists/List-of-Farming-Companies-in-Chennai.html]
[www.easyleadz.com/lists/List-of-Restaurants-in-Hyderabad.html]
[www.easyleadz.com/lists/List-of-Wholesale-Companies-in-Mumbai.html]
[www.easyleadz.com/lists/List-of-Transportation-Companies-in-Mumbai.html]
[www.easyleadz.com/lists/List-of-Textile-and-Garment-Companies-in-Mumbai.html]
[www.easyleadz.com/lists/List-of-Telecom-Companies-in-Mumbai.html]
[www.easyleadz.com/lists/List-of-Technology-Companies-in-Mumbai.html]
[www.easyleadz.com/lists/List-of-Staffing-Companies-in-Mumbai.html]
[www.easyleadz.com/lists/List-of-Farming-Companies-in-Mumbai.html]
[www.easyleadz.com/assets/vendor/modernizr/modernizr.js]
[easyleadz2.b-cdn.net/css/assets/images/bg.html]
[easyleadz2.b-cdn.net/css/assets/images/bg_2.html]
[easyleadz2.b-cdn.net/css/assets/images/bg_3.html]
[easyleadz2.b-cdn.net/css/assets/images/bg_4.html]
[easyleadz2.b-cdn.net/css/assets/images/bg_5.html]
[easyleadz2.b-cdn.net/css/assets/images/note_dot.html]
[easyleadz2.b-cdn.net/css/assets/images/line.html]
[easyleadz2.b-cdn.net/css/assets/images/line_detail.html]
[www.easyleadz.com/lists/List-of-companies-in-Mumbai.html]
[www.easyleadz.com/lists/List-of-Sports-Companies-in-Mumbai.html]
[www.easyleadz.com/lists/Fintech-companies-in-India.html]
[www.easyleadz.com/lists/List-of-Wireless-Companies-in-India.html]
[www.easyleadz.com/lists/List-of-Wine-and-Alcohol-Companies-in-India.html]
[www.easyleadz.com/lists/List-of-Fintech-companies.html]
[www.easyleadz.com/lists/List-of-Wholesale-Companies-in-India.html]
[www.easyleadz.com/lists/List-of-Warehousing-Companies-in-India.html]
[www.easyleadz.com/lists/List-of-Transportation-Companies-in-India.html]
[www.easyleadz.com/lists/List-of-Information-Technology-Companies-in-India.html]
[www.easyleadz.com/lists/List-of-Information-Technology-Companies-in-USA.html]
[www.easyleadz.com/lists/List-of-Information-Technology-Companies.html]
[www.easyleadz.com/lists/List-of-Information-Technology-Companies-in-Detroit.html]
[www.easyleadz.com/lists/List-of-Information-Technology-Companies-in-Atlanta.html]
[www.easyleadz.com/lists/List-of-Information-Technology-Companies-in-Houston.html]
[www.easyleadz.com/lists/List-of-Information-Technology-Companies-in-San-Jose.html]
[www.easyleadz.com/lists/List-of-Information-Technology-Companies-in-Dallas.html]
[www.easyleadz.com/lists/List-of-Information-Technology-Companies-in-Las-Vegas.html]
[www.easyleadz.com/lists/List-of-Information-Technology-Companies-in-Miami.html]
[www.easyleadz.com/lists/List-of-Transportation-Companies-in-Chennai.html]
[www.easyleadz.com/lists/List-of-Training-Companies-in-Chennai.html]
[www.easyleadz.com/lists/List-of-Textile-and-Garment-Companies-in-Chennai.html]
[www.easyleadz.com/lists/List-of-Telecom-Companies-in-Chennai.html]
[www.easyleadz.com/lists/List-of-Technology-Companies-in-Chennai.html]
[www.easyleadz.com/lists/List-of-Staffing-Companies-in-Chennai.html]
